error: proc macro panicked
 --> tests/panic/requires_named_args.rs:3:1
  |
3 | prompt! {requires_named_args, "Hello, {}!"}
  | ^^^^^^^^^^^^^^^^^^^^^^^^^^^^^^^^^^^^^^^^^^^
  |
  = help: message: Only named arguments are supported, e.g. {name}
